/usr/local/lib/python3.10/dist-packages/pytest_asyncio/plugin.py:217: PytestDeprecationWarning: The configuration option "asyncio_default_fixture_loop_scope" is unset.
The event loop scope for asynchronous fixtures will default to the fixture caching scope. Future versions of pytest-asyncio will default the loop scope for asynchronous fixtures to function scope. Set the default fixture loop scope explicitly in order to avoid unexpected behavior in the future. Valid fixture loop scopes are: "function", "class", "module", "package", "session"

  warnings.warn(PytestDeprecationWarning(_DEFAULT_FIXTURE_LOOP_SCOPE_UNSET))
HYGON_MARLIN {"q": 0, "shape": [1, 8, 1024, 2048, 2], "dtype": "bfloat16", "baseline": "predequantized_torch", "baseline_ms": 0.45824728795090075, "operator_ms": 0.21057168459371914, "speedup": 2.176205641489982}
.HYGON_MARLIN {"q": 1, "shape": [1, 8, 1024, 2048, 2], "dtype": "bfloat16", "baseline": "predequantized_torch", "baseline_ms": 0.459061692960514, "operator_ms": 0.20605148192687428, "speedup": 2.227898041147943}
.HYGON_MARLIN {"q": 2, "shape": [1, 8, 1024, 2048, 2], "dtype": "bfloat16", "baseline": "predequantized_torch", "baseline_ms": 0.4602503304452342, "operator_ms": 0.2184365870570948, "speedup": 2.107020333205144}
.HYGON_MARLIN {"q": 6, "shape": [1, 8, 1024, 2048, 2], "dtype": "bfloat16", "baseline": "predequantized_torch", "baseline_ms": 0.4593253443791316, "operator_ms": 0.2228152877033347, "speedup": 2.0614624297714075}
.HYGON_MARLIN {"q": 0, "shape": [16, 8, 1024, 2048, 2], "dtype": "bfloat16", "baseline": "predequantized_torch", "baseline_ms": 2.224376705255401, "operator_ms": 0.34690341192115215, "speedup": 6.41209232545969}
.HYGON_MARLIN {"q": 1, "shape": [16, 8, 1024, 2048, 2], "dtype": "bfloat16", "baseline": "predequantized_torch", "baseline_ms": 2.2031155400806, "operator_ms": 0.34751539156030453, "speedup": 6.339620038666093}
.HYGON_MARLIN {"q": 2, "shape": [16, 8, 1024, 2048, 2], "dtype": "bfloat16", "baseline": "predequantized_torch", "baseline_ms": 2.2158123080650074, "operator_ms": 0.37172545766177245, "speedup": 5.960883933005047}
.HYGON_MARLIN {"q": 6, "shape": [16, 8, 1024, 2048, 2], "dtype": "bfloat16", "baseline": "predequantized_torch", "baseline_ms": 1.7085387547810873, "operator_ms": 0.384738359041512, "speedup": 4.440780895977002}
.HYGON_MARLIN {"q": 0, "shape": [128, 8, 1024, 2048, 2], "dtype": "bfloat16", "baseline": "predequantized_torch", "baseline_ms": 1.9394349218696676, "operator_ms": 0.37951045139655243, "speedup": 5.110359714028381}
.HYGON_MARLIN {"q": 1, "shape": [128, 8, 1024, 2048, 2], "dtype": "bfloat16", "baseline": "predequantized_torch", "baseline_ms": 2.204281793700324, "operator_ms": 0.3533977580697913, "speedup": 6.2373960880221775}
.HYGON_MARLIN {"q": 2, "shape": [128, 8, 1024, 2048, 2], "dtype": "bfloat16", "baseline": "predequantized_torch", "baseline_ms": 2.2375506229614945, "operator_ms": 0.5612868875745805, "speedup": 3.9864651615688818}
.HYGON_MARLIN {"q": 6, "shape": [128, 8, 1024, 2048, 2], "dtype": "bfloat16", "baseline": "predequantized_torch", "baseline_ms": 2.1951973930649133, "operator_ms": 0.7654766829768617, "speedup": 2.8677521365223195}
.
=============================== warnings summary ===============================
../FlagGems/src/flag_gems/utils/libentry.py:728
  /home/JSST/shared_workspace_mixq/ldc/ops_work/FlagGems/src/flag_gems/utils/libentry.py:728: DeprecationWarning: use_cuda_graph is deprecated; use benchmark_mode='replay' or benchmark_mode='event'
    super().__init__(*args, **kwargs)

../FlagGems/src/flag_gems/utils/libentry.py:411
  /home/JSST/shared_workspace_mixq/ldc/ops_work/FlagGems/src/flag_gems/utils/libentry.py:411: RuntimeWarning: active Triton backend does not provide a replay benchmarker; falling back to event timing
    resolved_benchmark = resolve_benchmarker(

../../../../../../usr/local/lib/python3.10/dist-packages/torch/library.py:255
  /usr/local/lib/python3.10/dist-packages/torch/library.py:255: UserWarning: Warning only once for all operators,  other operators may also be overrided.
    Overriding a previously registered kernel for the same operator and the same dispatch key
    operator: aten::cudnn_convolution(Tensor self, Tensor weight, SymInt[] padding, SymInt[] stride, SymInt[] dilation, SymInt groups, bool benchmark, bool deterministic, bool allow_tf32) -> Tensor
      registered at /home/pytorch/build/aten/src/ATen/RegisterSchema.cpp:6
    dispatch key: CUDA
    previous kernel: registered at /home/pytorch/aten/src/ATen/autocast_mode.cpp:169
         new kernel: registered at /dev/null:114 (Triggered internally at /home/pytorch/aten/src/ATen/core/dispatch/OperatorEntry.cpp:153.)
    self.m.impl(name, dispatch_key if dispatch_key != "" else "CompositeImplicitAutograd", fn, with_keyset)

-- Docs: https://docs.pytest.org/en/stable/how-to/capture-warnings.html
12 passed, 3 warnings in 62.11s (0:01:02)
