/home/JSST/shared_workspace_mixq/ldc/ops_work/FlagGems/src/flag_gems/utils/libentry.py:411: RuntimeWarning: active Triton backend does not provide a replay benchmarker; falling back to event timing
  resolved_benchmark = resolve_benchmarker(
/usr/local/lib/python3.10/dist-packages/torch/library.py:255: UserWarning: Warning only once for all operators,  other operators may also be overrided.
  Overriding a previously registered kernel for the same operator and the same dispatch key
  operator: aten::cudnn_convolution(Tensor self, Tensor weight, SymInt[] padding, SymInt[] stride, SymInt[] dilation, SymInt groups, bool benchmark, bool deterministic, bool allow_tf32) -> Tensor
    registered at /home/pytorch/build/aten/src/ATen/RegisterSchema.cpp:6
  dispatch key: CUDA
  previous kernel: registered at /home/pytorch/aten/src/ATen/autocast_mode.cpp:169
       new kernel: registered at /dev/null:114 (Triggered internally at /home/pytorch/aten/src/ATen/core/dispatch/OperatorEntry.cpp:153.)
  self.m.impl(name, dispatch_key if dispatch_key != "" else "CompositeImplicitAutograd", fn, with_keyset)
HYGON_CONFIG [{"kernel": "_gemm", "num_warps": 4, "num_stages": 1, "num_ctas": 1, "BN": 64, "BK": 64}]
HYGON_LARGE {"q": 0, "shape": [1, 8, 4096, 14336, 2], "relative_rms": 0.00015404396981466562, "relative_peak": 0.0021008404437452555, "baseline_ms": 1.008272441395794, "operator_ms": 0.7133710901692228, "speedup": 1.4133912283389785}
HYGON_CONFIG [{"kernel": "_gemm", "num_warps": 4, "num_stages": 1, "num_ctas": 1, "BN": 64, "BK": 64}]
HYGON_LARGE {"q": 0, "shape": [16, 8, 4096, 14336, 2], "relative_rms": 0.00041044317185878754, "relative_peak": 0.004694835748523474, "baseline_ms": 3.4914473869182445, "operator_ms": 2.4214282970170715, "speedup": 1.4418958394181305}
HYGON_CONFIG [{"kernel": "_gemm", "num_warps": 4, "num_stages": 1, "num_ctas": 1, "BN": 64, "BK": 64}, {"kernel": "_gemv", "num_warps": 4, "num_stages": 1, "num_ctas": 1, "BN": 16, "BK": 256}]
HYGON_LARGE {"q": 1, "shape": [1, 8, 4096, 14336, 2], "relative_rms": 0.00029745936626568437, "relative_peak": 0.0021459227427840233, "baseline_ms": 0.9760858273791696, "operator_ms": 0.7338120292585629, "speedup": 1.3301578448712512}
HYGON_CONFIG [{"kernel": "_gemm", "num_warps": 4, "num_stages": 1, "num_ctas": 1, "BN": 64, "BK": 64}, {"kernel": "_gemv", "num_warps": 4, "num_stages": 1, "num_ctas": 1, "BN": 16, "BK": 256}]
HYGON_LARGE {"q": 1, "shape": [16, 8, 4096, 14336, 2], "relative_rms": 0.0004131094319745898, "relative_peak": 0.007194244768470526, "baseline_ms": 3.5160935278292054, "operator_ms": 2.3867757885079635, "speedup": 1.473156190354691}
HYGON_CONFIG [{"kernel": "_gemm", "num_warps": 4, "num_stages": 1, "num_ctas": 1, "BN": 64, "BK": 64}, {"kernel": "_gemv", "num_warps": 4, "num_stages": 1, "num_ctas": 1, "BN": 16, "BK": 256}]
HYGON_LARGE {"q": 2, "shape": [1, 8, 4096, 14336, 2], "relative_rms": 0.0005586565239354968, "relative_peak": 0.0036231884732842445, "baseline_ms": 0.9953394942654821, "operator_ms": 0.9942886438106466, "speedup": 1.0010568867112954}
HYGON_CONFIG [{"kernel": "_gemm", "num_warps": 4, "num_stages": 1, "num_ctas": 1, "BN": 64, "BK": 64}, {"kernel": "_gemv", "num_warps": 4, "num_stages": 1, "num_ctas": 1, "BN": 16, "BK": 256}]
HYGON_LARGE {"q": 2, "shape": [16, 8, 4096, 14336, 2], "relative_rms": 0.00045208167284727097, "relative_peak": 0.0028571428265422583, "baseline_ms": 3.5229141270672835, "operator_ms": 3.3972282674577503, "speedup": 1.036996589488403}
HYGON_CONFIG [{"kernel": "_gemm", "num_warps": 4, "num_stages": 1, "num_ctas": 1, "BN": 64, "BK": 64}, {"kernel": "_gemv", "num_warps": 4, "num_stages": 1, "num_ctas": 1, "BN": 16, "BK": 256}]
HYGON_LARGE {"q": 6, "shape": [1, 8, 4096, 14336, 2], "relative_rms": 0.00019509927369654179, "relative_peak": 0.001700680237263441, "baseline_ms": 0.9749751937825505, "operator_ms": 1.377433214187622, "speedup": 0.7078203020954218}
HYGON_CONFIG [{"kernel": "_gemm", "num_warps": 4, "num_stages": 1, "num_ctas": 1, "BN": 64, "BK": 64}, {"kernel": "_gemm", "num_warps": 4, "num_stages": 1, "num_ctas": 1, "BN": 64, "BK": 32}, {"kernel": "_gemv", "num_warps": 4, "num_stages": 1, "num_ctas": 1, "BN": 16, "BK": 256}]
HYGON_LARGE {"q": 6, "shape": [16, 8, 4096, 14336, 2], "relative_rms": 0.00018324553093407303, "relative_peak": 0.0026881720405071974, "baseline_ms": 3.9101248582204184, "operator_ms": 5.38123208454677, "speedup": 0.726622601810668}
